[ERROR] 2025-12-06 19:29:17 restapi.exception_handler:30 — [ERROR][2025-12-06 13:59:17.860646][ReqID: c22d55d92d85][IP: 127.0.0.1]
Path: /api/get_clinic/30/
Error: Clinic not found
[ERROR] 2025-12-07 20:48:56 restapi.exception_handler:30 — [ERROR][2025-12-07 15:18:56.402624][ReqID: d5bcc5e57e3f][IP: 127.0.0.1]
Path: /api/departments/31/equipments/
Error: Department not found
[ERROR] 2025-12-07 20:50:56 restapi.exception_handler:30 — [ERROR][2025-12-07 15:20:56.668530][ReqID: afe12c67de4f][IP: 127.0.0.1]
Path: /api/departments/32/equipments/
Error: Department not found
[ERROR] 2025-12-07 21:24:15 restapi.views:206 — Unhandled Equipment Update Error: Equipment not found under this department
Traceback (most recent call last):
  File "C:\Users\saimo\Desktop\project\django_rest_main\restapi\views.py", line 190, in put
    raise NotFound("Equipment not found under this department")
rest_framework.exceptions.NotFound: Equipment not found under this department
[ERROR] 2025-12-07 21:24:15 django.request:253 — Internal Server Error: /api/departments/26/equipments/37/
[ERROR] 2025-12-07 21:24:15 django.server:213 — "PUT /api/departments/26/equipments/37/ HTTP/1.1" 500 33
[ERROR] 2025-12-07 21:24:29 restapi.views:206 — Unhandled Equipment Update Error: Equipment not found under this department
Traceback (most recent call last):
  File "C:\Users\saimo\Desktop\project\django_rest_main\restapi\views.py", line 190, in put
    raise NotFound("Equipment not found under this department")
rest_framework.exceptions.NotFound: Equipment not found under this department
[ERROR] 2025-12-07 21:24:29 django.request:253 — Internal Server Error: /api/departments/25/equipments/36/
[ERROR] 2025-12-07 21:24:29 django.server:213 — "PUT /api/departments/25/equipments/36/ HTTP/1.1" 500 33
[ERROR] 2025-12-07 21:27:15 restapi.views:222 — Unhandled Equipment Update Error: Equipment not found under this department
Traceback (most recent call last):
  File "C:\Users\saimo\Desktop\project\django_rest_main\restapi\views.py", line 196, in put
    raise NotFound("Equipment not found under this department")
rest_framework.exceptions.NotFound: Equipment not found under this department
[ERROR] 2025-12-07 21:27:15 django.request:253 — Internal Server Error: /api/departments/25/equipments/36/
[ERROR] 2025-12-07 21:27:15 django.server:213 — "PUT /api/departments/25/equipments/36/ HTTP/1.1" 500 33
[ERROR] 2025-12-07 21:27:23 restapi.views:222 — Unhandled Equipment Update Error: Equipment not found under this department
Traceback (most recent call last):
  File "C:\Users\saimo\Desktop\project\django_rest_main\restapi\views.py", line 196, in put
    raise NotFound("Equipment not found under this department")
rest_framework.exceptions.NotFound: Equipment not found under this department
[ERROR] 2025-12-07 21:27:23 django.request:253 — Internal Server Error: /api/departments/25/equipments/35/
[ERROR] 2025-12-07 21:27:23 django.server:213 — "PUT /api/departments/25/equipments/35/ HTTP/1.1" 500 33
[ERROR] 2025-12-07 21:27:31 restapi.views:222 — Unhandled Equipment Update Error: Equipment not found under this department
Traceback (most recent call last):
  File "C:\Users\saimo\Desktop\project\django_rest_main\restapi\views.py", line 196, in put
    raise NotFound("Equipment not found under this department")
rest_framework.exceptions.NotFound: Equipment not found under this department
[ERROR] 2025-12-07 21:27:31 django.request:253 — Internal Server Error: /api/departments/26/equipments/35/
[ERROR] 2025-12-07 21:27:31 django.server:213 — "PUT /api/departments/26/equipments/35/ HTTP/1.1" 500 33
[ERROR] 2025-12-07 21:28:01 restapi.views:222 — Unhandled Equipment Update Error: Equipment not found under this department
Traceback (most recent call last):
  File "C:\Users\saimo\Desktop\project\django_rest_main\restapi\views.py", line 196, in put
    raise NotFound("Equipment not found under this department")
rest_framework.exceptions.NotFound: Equipment not found under this department
[ERROR] 2025-12-07 21:28:01 django.request:253 — Internal Server Error: /api/departments/25/equipments/36/
[ERROR] 2025-12-07 21:28:01 django.server:213 — "PUT /api/departments/25/equipments/36/ HTTP/1.1" 500 33
[ERROR] 2025-12-07 21:29:46 restapi.exception_handler:30 — [ERROR][2025-12-07 15:59:46.230458][ReqID: fd91765d0d3e][IP: 127.0.0.1]
Path: /api/departments/25/equipments/36/
Error: Equipment not found under this department
[ERROR] 2025-12-07 21:29:57 restapi.exception_handler:30 — [ERROR][2025-12-07 15:59:57.348920][ReqID: 195972d031e1][IP: 127.0.0.1]
Path: /api/departments/26/equipments/37/
Error: Equipment not found under this department
[ERROR] 2025-12-07 21:30:14 restapi.exception_handler:30 — [ERROR][2025-12-07 16:00:14.861805][ReqID: 93f4bf79c675][IP: 127.0.0.1]
Path: /api/departments/34/equipments/37/
Error: Department not found
[ERROR] 2025-12-07 21:35:45 restapi.exception_handler:30 — [ERROR][2025-12-07 16:05:45.194436][ReqID: e42e071dc931][IP: 127.0.0.1]
Path: /api/departments/33/equipments/
Error: Department not found
[ERROR] 2025-12-07 21:36:04 restapi.exception_handler:30 — [ERROR][2025-12-07 16:06:04.470317][ReqID: 45f4e2d627df][IP: 127.0.0.1]
Path: /api/get_clinic/30/
Error: Clinic not found
[ERROR] 2025-12-07 21:41:07 restapi.exception_handler:30 — [ERROR][2025-12-07 16:11:07.488235][ReqID: 6d8b2cd9c1e9][IP: 127.0.0.1]
Path: /api/get_clinic/999999/
Error: Clinic not found
[ERROR] 2025-12-07 21:44:35 restapi.exception_handler:30 — [ERROR][2025-12-07 16:14:35.154510][ReqID: 6ffe72bbdcd9][IP: 127.0.0.1]
Path: /api/clinics/234/
Error: Clinic not found
[ERROR] 2025-12-07 21:45:04 restapi.views:45 — Unhandled Clinic Create Error: duplicate key value violates unique constraint "restapi_equipments_pkey"
DETAIL:  Key (id)=(1) already exists.
Traceback (most recent call last):
  File "C:\Users\saimo\Desktop\project\env\Lib\site-packages\django\db\backends\utils.py", line 105, in _execute
    return self.cursor.execute(sql, params)
           ^^^^^^^^^^^^^^^^^^^^^^^^^^^^^^^^
psycopg2.errors.UniqueViolation: duplicate key value violates unique constraint "restapi_equipments_pkey"
DETAIL:  Key (id)=(1) already exists.


The above exception was the direct cause of the following exception:

Traceback (most recent call last):
  File "C:\Users\saimo\Desktop\project\django_rest_main\restapi\views.py", line 34, in post
    clinic = serializer.save()
             ^^^^^^^^^^^^^^^^^
  File "C:\Users\saimo\Desktop\project\env\Lib\site-packages\rest_framework\serializers.py", line 210, in save
    self.instance = self.create(validated_data)
                    ^^^^^^^^^^^^^^^^^^^^^^^^^^^
  File "C:\Program Files\WindowsApps\PythonSoftwareFoundation.Python.3.11_3.11.2544.0_x64__qbz5n2kfra8p0\Lib\contextlib.py", line 81, in inner
    return func(*args, **kwds)
           ^^^^^^^^^^^^^^^^^^^
  File "C:\Users\saimo\Desktop\project\django_rest_main\restapi\serializers.py", line 197, in create
    equipment = Equipments.objects.create(dep=department, **e)
                ^^^^^^^^^^^^^^^^^^^^^^^^^^^^^^^^^^^^^^^^^^^^^^
  File "C:\Users\saimo\Desktop\project\env\Lib\site-packages\django\db\models\manager.py", line 87, in manager_method
    return getattr(self.get_queryset(), name)(*args, **kwargs)
           ^^^^^^^^^^^^^^^^^^^^^^^^^^^^^^^^^^^^^^^^^^^^^^^^^^^
  File "C:\Users\saimo\Desktop\project\env\Lib\site-packages\django\db\models\query.py", line 665, in create
    obj.save(force_insert=True, using=self.db)
  File "C:\Users\saimo\Desktop\project\env\Lib\site-packages\django\db\models\base.py", line 902, in save
    self.save_base(
  File "C:\Users\saimo\Desktop\project\env\Lib\site-packages\django\db\models\base.py", line 1008, in save_base
    updated = self._save_table(
              ^^^^^^^^^^^^^^^^^
  File "C:\Users\saimo\Desktop\project\env\Lib\site-packages\django\db\models\base.py", line 1169, in _save_table
    results = self._do_insert(
              ^^^^^^^^^^^^^^^^
  File "C:\Users\saimo\Desktop\project\env\Lib\site-packages\django\db\models\base.py", line 1210, in _do_insert
    return manager._insert(
           ^^^^^^^^^^^^^^^^
  File "C:\Users\saimo\Desktop\project\env\Lib\site-packages\django\db\models\manager.py", line 87, in manager_method
    return getattr(self.get_queryset(), name)(*args, **kwargs)
           ^^^^^^^^^^^^^^^^^^^^^^^^^^^^^^^^^^^^^^^^^^^^^^^^^^^
  File "C:\Users\saimo\Desktop\project\env\Lib\site-packages\django\db\models\query.py", line 1873, in _insert
    return query.get_compiler(using=using).execute_sql(returning_fields)
           ^^^^^^^^^^^^^^^^^^^^^^^^^^^^^^^^^^^^^^^^^^^^^^^^^^^^^^^^^^^^^
  File "C:\Users\saimo\Desktop\project\env\Lib\site-packages\django\db\models\sql\compiler.py", line 1882, in execute_sql
    cursor.execute(sql, params)
  File "C:\Users\saimo\Desktop\project\env\Lib\site-packages\django\db\backends\utils.py", line 122, in execute
    return super().execute(sql, params)
           ^^^^^^^^^^^^^^^^^^^^^^^^^^^^
  File "C:\Users\saimo\Desktop\project\env\Lib\site-packages\django\db\backends\utils.py", line 79, in execute
    return self._execute_with_wrappers(
           ^^^^^^^^^^^^^^^^^^^^^^^^^^^^
  File "C:\Users\saimo\Desktop\project\env\Lib\site-packages\django\db\backends\utils.py", line 92, in _execute_with_wrappers
    return executor(sql, params, many, context)
           ^^^^^^^^^^^^^^^^^^^^^^^^^^^^^^^^^^^^
  File "C:\Users\saimo\Desktop\project\env\Lib\site-packages\django\db\backends\utils.py", line 100, in _execute
    with self.db.wrap_database_errors:
  File "C:\Users\saimo\Desktop\project\env\Lib\site-packages\django\db\utils.py", line 91, in __exit__
    raise dj_exc_value.with_traceback(traceback) from exc_value
  File "C:\Users\saimo\Desktop\project\env\Lib\site-packages\django\db\backends\utils.py", line 105, in _execute
    return self.cursor.execute(sql, params)
           ^^^^^^^^^^^^^^^^^^^^^^^^^^^^^^^^
django.db.utils.IntegrityError: duplicate key value violates unique constraint "restapi_equipments_pkey"
DETAIL:  Key (id)=(1) already exists.

[ERROR] 2025-12-07 21:45:04 django.request:253 — Internal Server Error: /api/clinics
[ERROR] 2025-12-07 21:45:04 django.server:213 — "POST /api/clinics HTTP/1.1" 500 33
